// Jest Snapshot v1, https://goo.gl/fbAQLP

exports[`Button Component Button matches the snapshot 1`] = `
<div>
  <button
    className="normal-blue btn"
    disabled={false}
    onClick={[MockFunction]}
    type="button"
  >
    Button label
  </button>
</div>
`;
