exports[`Upload Component successful document upload works as expected 1`] = `<DocumentFragment />`;