// Jest Snapshot v1, https://goo.gl/fbAQLP

exports[`Storyshots Home Default 1`] = `
<main>
  <header>
    <nav
      className="container-fluid navbar navbar-expand-lg navbar-dark"
    >
      <div
        aria-labelledby="title"
        className="navbar-brand pointer"
      />
      <img
        alt="B.C. Government Logo"
        className="img-fluid d-none d-md-block pointer"
        height="44"
        onClick={[Function]}
        onKeyDown={[Function]}
        src={
          Object {
            "process": [Function],
          }
        }
        width={181}
      />
      <img
        alt="B.C. Government Logo"
        className="img-fluid d-md-none pointer"
        height="44"
        onClick={[Function]}
        onKeyDown={[Function]}
        src={
          Object {
            "process": [Function],
          }
        }
        width={64}
      />
      <div
        aria-labelledby="title"
        className="pointer navbar-brand nav-item nav-link"
      />
      <div
        className="navbar-brand"
        id="title"
      >
        eFiling Demo Client
      </div>
    </nav>
  </header>
  <div
    className="page"
  >
    <div
      className="content col-md-10"
    >
      <div>
        <label
          className="label"
          htmlFor="textInputId"
        >
          <div
            className="textinput_label"
          >
            Account GUID
          </div>
          <span
            className="mandatory"
            id="asterisk"
          >
            *
          </span>
           
          <span
            className="note"
          />
        </label>
        <input
          className="editable_white"
          id="textInputId"
          onChange={[Function]}
          placeholder="77da92db-0791-491e-8c58-1a969e67d2fa"
          type="text"
        />
        <br />
        <span
          className="error"
        />
      </div>
      <br />
      <div>
        <button
          className="normal-blue btn"
          onClick={[Function]}
          type="button"
        >
          Generate URL
        </button>
      </div>
      <br />
    </div>
  </div>
  <footer
    className="footer"
  >
    <nav
      className="navbar navbar-expand-sm navbar-dark justify-content-end"
    >
      <button
        className="navbar-toggler"
        data-target="#footerBar"
        data-toggle="collapse"
        type="button"
      >
        <span
          className="navbar-toggler-icon"
        />
      </button>
      <div
        className="collapse navbar-collapse flex-grow-0"
        id="footerBar"
      >
        <ul
          className="navbar-nav text-right"
        >
          <li
            className="nav-item m-1"
          >
            <a
              className="nav-link"
              href="https://www2.gov.bc.ca"
              rel="noopener noreferrer"
              target="_blank"
            >
              BC Government
            </a>
          </li>
          <li
            className="nav-item m-1"
          >
            <a
              className="nav-link"
              href="https://www2.gov.bc.ca/gov/content/home/disclaimer"
              rel="noopener noreferrer"
              target="_blank"
            >
              Disclaimer
            </a>
          </li>
          <li
            className="nav-item m-1"
          >
            <a
              className="nav-link"
              href="https://www2.gov.bc.ca/gov/content/home/privacy"
              rel="noopener noreferrer"
              target="_blank"
            >
              Privacy
            </a>
          </li>
          <li
            className="nav-item m-1"
          >
            <a
              className="nav-link"
              href="https://www2.gov.bc.ca/gov/content/home/accessibility"
              rel="noopener noreferrer"
              target="_blank"
            >
              Accessibility
            </a>
          </li>
          <li
            className="nav-item m-1"
          >
            <a
              className="nav-link"
              href="https://www2.gov.bc.ca/gov/content/home/copyright"
              rel="noopener noreferrer"
              target="_blank"
            >
              Copyright
            </a>
          </li>
        </ul>
      </div>
    </nav>
  </footer>
</main>
`;

exports[`Storyshots Home Mobile 1`] = `
<main>
  <header>
    <nav
      className="container-fluid navbar navbar-expand-lg navbar-dark"
    >
      <div
        aria-labelledby="title"
        className="navbar-brand pointer"
      />
      <img
        alt="B.C. Government Logo"
        className="img-fluid d-none d-md-block pointer"
        height="44"
        onClick={[Function]}
        onKeyDown={[Function]}
        src={
          Object {
            "process": [Function],
          }
        }
        width={181}
      />
      <img
        alt="B.C. Government Logo"
        className="img-fluid d-md-none pointer"
        height="44"
        onClick={[Function]}
        onKeyDown={[Function]}
        src={
          Object {
            "process": [Function],
          }
        }
        width={64}
      />
      <div
        aria-labelledby="title"
        className="pointer navbar-brand nav-item nav-link"
      />
      <div
        className="navbar-brand"
        id="title"
      >
        eFiling Demo Client
      </div>
    </nav>
  </header>
  <div
    className="page"
  >
    <div
      className="content col-md-10"
    >
      <div>
        <label
          className="label"
          htmlFor="textInputId"
        >
          <div
            className="textinput_label"
          >
            Account GUID
          </div>
          <span
            className="mandatory"
            id="asterisk"
          >
            *
          </span>
           
          <span
            className="note"
          />
        </label>
        <input
          className="editable_white"
          id="textInputId"
          onChange={[Function]}
          placeholder="77da92db-0791-491e-8c58-1a969e67d2fa"
          type="text"
        />
        <br />
        <span
          className="error"
        />
      </div>
      <br />
      <div>
        <button
          className="normal-blue btn"
          onClick={[Function]}
          type="button"
        >
          Generate URL
        </button>
      </div>
      <br />
    </div>
  </div>
  <footer
    className="footer"
  >
    <nav
      className="navbar navbar-expand-sm navbar-dark justify-content-end"
    >
      <button
        className="navbar-toggler"
        data-target="#footerBar"
        data-toggle="collapse"
        type="button"
      >
        <span
          className="navbar-toggler-icon"
        />
      </button>
      <div
        className="collapse navbar-collapse flex-grow-0"
        id="footerBar"
      >
        <ul
          className="navbar-nav text-right"
        >
          <li
            className="nav-item m-1"
          >
            <a
              className="nav-link"
              href="https://www2.gov.bc.ca"
              rel="noopener noreferrer"
              target="_blank"
            >
              BC Government
            </a>
          </li>
          <li
            className="nav-item m-1"
          >
            <a
              className="nav-link"
              href="https://www2.gov.bc.ca/gov/content/home/disclaimer"
              rel="noopener noreferrer"
              target="_blank"
            >
              Disclaimer
            </a>
          </li>
          <li
            className="nav-item m-1"
          >
            <a
              className="nav-link"
              href="https://www2.gov.bc.ca/gov/content/home/privacy"
              rel="noopener noreferrer"
              target="_blank"
            >
              Privacy
            </a>
          </li>
          <li
            className="nav-item m-1"
          >
            <a
              className="nav-link"
              href="https://www2.gov.bc.ca/gov/content/home/accessibility"
              rel="noopener noreferrer"
              target="_blank"
            >
              Accessibility
            </a>
          </li>
          <li
            className="nav-item m-1"
          >
            <a
              className="nav-link"
              href="https://www2.gov.bc.ca/gov/content/home/copyright"
              rel="noopener noreferrer"
              target="_blank"
            >
              Copyright
            </a>
          </li>
        </ul>
      </div>
    </nav>
  </footer>
</main>
`;
